##################DJF collection starts now.
01 03 05 07 08 10 12
201812
AeroReanl_EP4_FreeRun_NoSPE_YesSfcanl_v14_0dz0dp_1M_C96_201801_cntlBkg_AERONET_SOLAR_AOD15_2018120100_2018123118.out
AeroReanl_EP4_AeroDA_YesSPEEnKF_YesSfcanl_v14_0dz0dp_41M_C96_201801_cntlBkg_AERONET_SOLAR_AOD15_2018120100_2018123118.out
AeroReanl_EP4_AeroDA_YesSPEEnKF_YesSfcanl_v14_0dz0dp_41M_C96_201801_cntlAnl_AERONET_SOLAR_AOD15_2018120100_2018123118.out
5049==5049==5049
201912
AeroReanl_EP4_FreeRun_NoSPE_YesSfcanl_v14_0dz0dp_1M_C96_201801_cntlBkg_AERONET_SOLAR_AOD15_2019120100_2019123118.out
AeroReanl_EP4_AeroDA_YesSPEEnKF_YesSfcanl_v14_0dz0dp_41M_C96_201801_cntlBkg_AERONET_SOLAR_AOD15_2019120100_2019123118.out
AeroReanl_EP4_AeroDA_YesSPEEnKF_YesSfcanl_v14_0dz0dp_41M_C96_201801_cntlAnl_AERONET_SOLAR_AOD15_2019120100_2019123118.out
9531==9531==9531
202012
AeroReanl_EP4_FreeRun_NoSPE_YesSfcanl_v15_0dz0dp_1M_C96_202007_cntlBkg_AERONET_SOLAR_AOD15_2020120100_2020123118.out
AeroReanl_EP4_AeroDA_YesSPEEnKF_YesSfcanl_v15_0dz0dp_41M_C96_202007_cntlBkg_AERONET_SOLAR_AOD15_2020120100_2020123118.out
AeroReanl_EP4_AeroDA_YesSPEEnKF_YesSfcanl_v15_0dz0dp_41M_C96_202007_cntlAnl_AERONET_SOLAR_AOD15_2020120100_2020123118.out
14808==14808==14808
202112
AeroReanl_EP4_FreeRun_NoSPE_YesSfcanl_v15_0dz0dp_1M_C96_202007_cntlBkg_AERONET_SOLAR_AOD15_2021120100_2021123118.out
AeroReanl_EP4_AeroDA_YesSPEEnKF_YesSfcanl_v15_0dz0dp_41M_C96_202007_cntlBkg_AERONET_SOLAR_AOD15_2021120100_2021123118.out
AeroReanl_EP4_AeroDA_YesSPEEnKF_YesSfcanl_v15_0dz0dp_41M_C96_202007_cntlAnl_AERONET_SOLAR_AOD15_2021120100_2021123118.out
20373==20373==20373
202212
AeroReanl_EP4_FreeRun_NoSPE_YesSfcanl_v15_0dz0dp_1M_C96_202007_cntlBkg_AERONET_SOLAR_AOD15_2022120100_2022123118.out
AeroReanl_EP4_AeroDA_YesSPEEnKF_YesSfcanl_v15_0dz0dp_41M_C96_202007_cntlBkg_AERONET_SOLAR_AOD15_2022120100_2022123118.out
AeroReanl_EP4_AeroDA_YesSPEEnKF_YesSfcanl_v15_0dz0dp_41M_C96_202007_cntlAnl_AERONET_SOLAR_AOD15_2022120100_2022123118.out
26098==26098==26098
01 03 05 07 08 10 12
201801
AeroReanl_EP4_FreeRun_NoSPE_YesSfcanl_v14_0dz0dp_1M_C96_201801_cntlBkg_AERONET_SOLAR_AOD15_2018010100_2018013118.out
AeroReanl_EP4_AeroDA_YesSPEEnKF_YesSfcanl_v14_0dz0dp_41M_C96_201801_cntlBkg_AERONET_SOLAR_AOD15_2018010100_2018013118.out
AeroReanl_EP4_AeroDA_YesSPEEnKF_YesSfcanl_v14_0dz0dp_41M_C96_201801_cntlAnl_AERONET_SOLAR_AOD15_2018010100_2018013118.out
30486==30486==30486
201901
AeroReanl_EP4_FreeRun_NoSPE_YesSfcanl_v14_0dz0dp_1M_C96_201801_cntlBkg_AERONET_SOLAR_AOD15_2019010100_2019013118.out
AeroReanl_EP4_AeroDA_YesSPEEnKF_YesSfcanl_v14_0dz0dp_41M_C96_201801_cntlBkg_AERONET_SOLAR_AOD15_2019010100_2019013118.out
AeroReanl_EP4_AeroDA_YesSPEEnKF_YesSfcanl_v14_0dz0dp_41M_C96_201801_cntlAnl_AERONET_SOLAR_AOD15_2019010100_2019013118.out
35272==35272==35272
202001
AeroReanl_EP4_FreeRun_NoSPE_YesSfcanl_v14_0dz0dp_1M_C96_201801_cntlBkg_AERONET_SOLAR_AOD15_2020010100_2020013118.out
AeroReanl_EP4_AeroDA_YesSPEEnKF_YesSfcanl_v14_0dz0dp_41M_C96_201801_cntlBkg_AERONET_SOLAR_AOD15_2020010100_2020013118.out
AeroReanl_EP4_AeroDA_YesSPEEnKF_YesSfcanl_v14_0dz0dp_41M_C96_201801_cntlAnl_AERONET_SOLAR_AOD15_2020010100_2020013118.out
40336==40336==40336
202101
AeroReanl_EP4_FreeRun_NoSPE_YesSfcanl_v15_0dz0dp_1M_C96_202007_cntlBkg_AERONET_SOLAR_AOD15_2021010100_2021013118.out
AeroReanl_EP4_AeroDA_YesSPEEnKF_YesSfcanl_v15_0dz0dp_41M_C96_202007_cntlBkg_AERONET_SOLAR_AOD15_2021010100_2021013118.out
AeroReanl_EP4_AeroDA_YesSPEEnKF_YesSfcanl_v15_0dz0dp_41M_C96_202007_cntlAnl_AERONET_SOLAR_AOD15_2021010100_2021013118.out
45423==45423==45423
202201
AeroReanl_EP4_FreeRun_NoSPE_YesSfcanl_v15_0dz0dp_1M_C96_202007_cntlBkg_AERONET_SOLAR_AOD15_2022010100_2022013118.out
AeroReanl_EP4_AeroDA_YesSPEEnKF_YesSfcanl_v15_0dz0dp_41M_C96_202007_cntlBkg_AERONET_SOLAR_AOD15_2022010100_2022013118.out
AeroReanl_EP4_AeroDA_YesSPEEnKF_YesSfcanl_v15_0dz0dp_41M_C96_202007_cntlAnl_AERONET_SOLAR_AOD15_2022010100_2022013118.out
51550==51550==51550
02
201802
AeroReanl_EP4_FreeRun_NoSPE_YesSfcanl_v14_0dz0dp_1M_C96_201801_cntlBkg_AERONET_SOLAR_AOD15_2018020100_2018022818.out
AeroReanl_EP4_AeroDA_YesSPEEnKF_YesSfcanl_v14_0dz0dp_41M_C96_201801_cntlBkg_AERONET_SOLAR_AOD15_2018020100_2018022818.out
AeroReanl_EP4_AeroDA_YesSPEEnKF_YesSfcanl_v14_0dz0dp_41M_C96_201801_cntlAnl_AERONET_SOLAR_AOD15_2018020100_2018022818.out
55992==55992==55992
201902
AeroReanl_EP4_FreeRun_NoSPE_YesSfcanl_v14_0dz0dp_1M_C96_201801_cntlBkg_AERONET_SOLAR_AOD15_2019020100_2019022818.out
AeroReanl_EP4_AeroDA_YesSPEEnKF_YesSfcanl_v14_0dz0dp_41M_C96_201801_cntlBkg_AERONET_SOLAR_AOD15_2019020100_2019022818.out
AeroReanl_EP4_AeroDA_YesSPEEnKF_YesSfcanl_v14_0dz0dp_41M_C96_201801_cntlAnl_AERONET_SOLAR_AOD15_2019020100_2019022818.out
60953==60953==60953
202002
AeroReanl_EP4_FreeRun_NoSPE_YesSfcanl_v14_0dz0dp_1M_C96_201801_cntlBkg_AERONET_SOLAR_AOD15_2020020100_2020022818.out
AeroReanl_EP4_AeroDA_YesSPEEnKF_YesSfcanl_v14_0dz0dp_41M_C96_201801_cntlBkg_AERONET_SOLAR_AOD15_2020020100_2020022818.out
AeroReanl_EP4_AeroDA_YesSPEEnKF_YesSfcanl_v14_0dz0dp_41M_C96_201801_cntlAnl_AERONET_SOLAR_AOD15_2020020100_2020022818.out
66323==66323==66323
202102
AeroReanl_EP4_FreeRun_NoSPE_YesSfcanl_v15_0dz0dp_1M_C96_202007_cntlBkg_AERONET_SOLAR_AOD15_2021020100_2021022818.out
AeroReanl_EP4_AeroDA_YesSPEEnKF_YesSfcanl_v15_0dz0dp_41M_C96_202007_cntlBkg_AERONET_SOLAR_AOD15_2021020100_2021022818.out
AeroReanl_EP4_AeroDA_YesSPEEnKF_YesSfcanl_v15_0dz0dp_41M_C96_202007_cntlAnl_AERONET_SOLAR_AOD15_2021020100_2021022818.out
72207==72207==72207
202202
AeroReanl_EP4_FreeRun_NoSPE_YesSfcanl_v15_0dz0dp_1M_C96_202007_cntlBkg_AERONET_SOLAR_AOD15_2022020100_2022022818.out
AeroReanl_EP4_AeroDA_YesSPEEnKF_YesSfcanl_v15_0dz0dp_41M_C96_202007_cntlBkg_AERONET_SOLAR_AOD15_2022020100_2022022818.out
AeroReanl_EP4_AeroDA_YesSPEEnKF_YesSfcanl_v15_0dz0dp_41M_C96_202007_cntlAnl_AERONET_SOLAR_AOD15_2022020100_2022022818.out
78533==78533==78533
DJF succeed!
##################DJF collection ends now.
##################MAM collection starts now.
01 03 05 07 08 10 12
201803
AeroReanl_EP4_FreeRun_NoSPE_YesSfcanl_v14_0dz0dp_1M_C96_201801_cntlBkg_AERONET_SOLAR_AOD15_2018030100_2018033118.out
AeroReanl_EP4_AeroDA_YesSPEEnKF_YesSfcanl_v14_0dz0dp_41M_C96_201801_cntlBkg_AERONET_SOLAR_AOD15_2018030100_2018033118.out
AeroReanl_EP4_AeroDA_YesSPEEnKF_YesSfcanl_v14_0dz0dp_41M_C96_201801_cntlAnl_AERONET_SOLAR_AOD15_2018030100_2018033118.out
6097==6097==6097
201903
AeroReanl_EP4_FreeRun_NoSPE_YesSfcanl_v14_0dz0dp_1M_C96_201801_cntlBkg_AERONET_SOLAR_AOD15_2019030100_2019033118.out
AeroReanl_EP4_AeroDA_YesSPEEnKF_YesSfcanl_v14_0dz0dp_41M_C96_201801_cntlBkg_AERONET_SOLAR_AOD15_2019030100_2019033118.out
AeroReanl_EP4_AeroDA_YesSPEEnKF_YesSfcanl_v14_0dz0dp_41M_C96_201801_cntlAnl_AERONET_SOLAR_AOD15_2019030100_2019033118.out
13563==13563==13563
202003
AeroReanl_EP4_FreeRun_NoSPE_YesSfcanl_v14_0dz0dp_1M_C96_201801_cntlBkg_AERONET_SOLAR_AOD15_2020030100_2020033118.out
AeroReanl_EP4_AeroDA_YesSPEEnKF_YesSfcanl_v14_0dz0dp_41M_C96_201801_cntlBkg_AERONET_SOLAR_AOD15_2020030100_2020033118.out
AeroReanl_EP4_AeroDA_YesSPEEnKF_YesSfcanl_v14_0dz0dp_41M_C96_201801_cntlAnl_AERONET_SOLAR_AOD15_2020030100_2020033118.out
20625==20625==20625
202103
AeroReanl_EP4_FreeRun_NoSPE_YesSfcanl_v15_0dz0dp_1M_C96_202007_cntlBkg_AERONET_SOLAR_AOD15_2021030100_2021033118.out
AeroReanl_EP4_AeroDA_YesSPEEnKF_YesSfcanl_v15_0dz0dp_41M_C96_202007_cntlBkg_AERONET_SOLAR_AOD15_2021030100_2021033118.out
AeroReanl_EP4_AeroDA_YesSPEEnKF_YesSfcanl_v15_0dz0dp_41M_C96_202007_cntlAnl_AERONET_SOLAR_AOD15_2021030100_2021033118.out
28816==28816==28816
202203
AeroReanl_EP4_FreeRun_NoSPE_YesSfcanl_v15_0dz0dp_1M_C96_202007_cntlBkg_AERONET_SOLAR_AOD15_2022030100_2022033118.out
AeroReanl_EP4_AeroDA_YesSPEEnKF_YesSfcanl_v15_0dz0dp_41M_C96_202007_cntlBkg_AERONET_SOLAR_AOD15_2022030100_2022033118.out
AeroReanl_EP4_AeroDA_YesSPEEnKF_YesSfcanl_v15_0dz0dp_41M_C96_202007_cntlAnl_AERONET_SOLAR_AOD15_2022030100_2022033118.out
36945==36945==36945
04 06 09 11
201804
AeroReanl_EP4_FreeRun_NoSPE_YesSfcanl_v14_0dz0dp_1M_C96_201801_cntlBkg_AERONET_SOLAR_AOD15_2018040100_2018043018.out
AeroReanl_EP4_AeroDA_YesSPEEnKF_YesSfcanl_v14_0dz0dp_41M_C96_201801_cntlBkg_AERONET_SOLAR_AOD15_2018040100_2018043018.out
AeroReanl_EP4_AeroDA_YesSPEEnKF_YesSfcanl_v14_0dz0dp_41M_C96_201801_cntlAnl_AERONET_SOLAR_AOD15_2018040100_2018043018.out
44731==44731==44731
201904
AeroReanl_EP4_FreeRun_NoSPE_YesSfcanl_v14_0dz0dp_1M_C96_201801_cntlBkg_AERONET_SOLAR_AOD15_2019040100_2019043018.out
AeroReanl_EP4_AeroDA_YesSPEEnKF_YesSfcanl_v14_0dz0dp_41M_C96_201801_cntlBkg_AERONET_SOLAR_AOD15_2019040100_2019043018.out
AeroReanl_EP4_AeroDA_YesSPEEnKF_YesSfcanl_v14_0dz0dp_41M_C96_201801_cntlAnl_AERONET_SOLAR_AOD15_2019040100_2019043018.out
53033==53033==53033
202004
AeroReanl_EP4_FreeRun_NoSPE_YesSfcanl_v14_0dz0dp_1M_C96_201801_cntlBkg_AERONET_SOLAR_AOD15_2020040100_2020043018.out
AeroReanl_EP4_AeroDA_YesSPEEnKF_YesSfcanl_v14_0dz0dp_41M_C96_201801_cntlBkg_AERONET_SOLAR_AOD15_2020040100_2020043018.out
AeroReanl_EP4_AeroDA_YesSPEEnKF_YesSfcanl_v14_0dz0dp_41M_C96_201801_cntlAnl_AERONET_SOLAR_AOD15_2020040100_2020043018.out
61508==61508==61508
202104
AeroReanl_EP4_FreeRun_NoSPE_YesSfcanl_v15_0dz0dp_1M_C96_202007_cntlBkg_AERONET_SOLAR_AOD15_2021040100_2021043018.out
AeroReanl_EP4_AeroDA_YesSPEEnKF_YesSfcanl_v15_0dz0dp_41M_C96_202007_cntlBkg_AERONET_SOLAR_AOD15_2021040100_2021043018.out
AeroReanl_EP4_AeroDA_YesSPEEnKF_YesSfcanl_v15_0dz0dp_41M_C96_202007_cntlAnl_AERONET_SOLAR_AOD15_2021040100_2021043018.out
71178==71178==71178
202204
AeroReanl_EP4_FreeRun_NoSPE_YesSfcanl_v15_0dz0dp_1M_C96_202007_cntlBkg_AERONET_SOLAR_AOD15_2022040100_2022043018.out
AeroReanl_EP4_AeroDA_YesSPEEnKF_YesSfcanl_v15_0dz0dp_41M_C96_202007_cntlBkg_AERONET_SOLAR_AOD15_2022040100_2022043018.out
AeroReanl_EP4_AeroDA_YesSPEEnKF_YesSfcanl_v15_0dz0dp_41M_C96_202007_cntlAnl_AERONET_SOLAR_AOD15_2022040100_2022043018.out
80778==80778==80778
01 03 05 07 08 10 12
201805
AeroReanl_EP4_FreeRun_NoSPE_YesSfcanl_v14_0dz0dp_1M_C96_201801_cntlBkg_AERONET_SOLAR_AOD15_2018050100_2018053118.out
AeroReanl_EP4_AeroDA_YesSPEEnKF_YesSfcanl_v14_0dz0dp_41M_C96_201801_cntlBkg_AERONET_SOLAR_AOD15_2018050100_2018053118.out
AeroReanl_EP4_AeroDA_YesSPEEnKF_YesSfcanl_v14_0dz0dp_41M_C96_201801_cntlAnl_AERONET_SOLAR_AOD15_2018050100_2018053118.out
89628==89628==89628
201905
AeroReanl_EP4_FreeRun_NoSPE_YesSfcanl_v14_0dz0dp_1M_C96_201801_cntlBkg_AERONET_SOLAR_AOD15_2019050100_2019053118.out
AeroReanl_EP4_AeroDA_YesSPEEnKF_YesSfcanl_v14_0dz0dp_41M_C96_201801_cntlBkg_AERONET_SOLAR_AOD15_2019050100_2019053118.out
AeroReanl_EP4_AeroDA_YesSPEEnKF_YesSfcanl_v14_0dz0dp_41M_C96_201801_cntlAnl_AERONET_SOLAR_AOD15_2019050100_2019053118.out
98709==98709==98709
202005
AeroReanl_EP4_FreeRun_NoSPE_YesSfcanl_v14_0dz0dp_1M_C96_201801_cntlBkg_AERONET_SOLAR_AOD15_2020050100_2020053118.out
AeroReanl_EP4_AeroDA_YesSPEEnKF_YesSfcanl_v14_0dz0dp_41M_C96_201801_cntlBkg_AERONET_SOLAR_AOD15_2020050100_2020053118.out
AeroReanl_EP4_AeroDA_YesSPEEnKF_YesSfcanl_v14_0dz0dp_41M_C96_201801_cntlAnl_AERONET_SOLAR_AOD15_2020050100_2020053118.out
108230==108230==108230
202105
AeroReanl_EP4_FreeRun_NoSPE_YesSfcanl_v15_0dz0dp_1M_C96_202007_cntlBkg_AERONET_SOLAR_AOD15_2021050100_2021053118.out
AeroReanl_EP4_AeroDA_YesSPEEnKF_YesSfcanl_v15_0dz0dp_41M_C96_202007_cntlBkg_AERONET_SOLAR_AOD15_2021050100_2021053118.out
AeroReanl_EP4_AeroDA_YesSPEEnKF_YesSfcanl_v15_0dz0dp_41M_C96_202007_cntlAnl_AERONET_SOLAR_AOD15_2021050100_2021053118.out
118375==118375==118375
202205
AeroReanl_EP4_FreeRun_NoSPE_YesSfcanl_v15_0dz0dp_1M_C96_202007_cntlBkg_AERONET_SOLAR_AOD15_2022050100_2022053118.out
AeroReanl_EP4_AeroDA_YesSPEEnKF_YesSfcanl_v15_0dz0dp_41M_C96_202007_cntlBkg_AERONET_SOLAR_AOD15_2022050100_2022053118.out
AeroReanl_EP4_AeroDA_YesSPEEnKF_YesSfcanl_v15_0dz0dp_41M_C96_202007_cntlAnl_AERONET_SOLAR_AOD15_2022050100_2022053118.out
129197==129197==129197
MAM succeed!
##################MAM collection ends now.
##################JJA collection starts now.
04 06 09 11
201806
AeroReanl_EP4_FreeRun_NoSPE_YesSfcanl_v14_0dz0dp_1M_C96_201801_cntlBkg_AERONET_SOLAR_AOD15_2018060100_2018063018.out
AeroReanl_EP4_AeroDA_YesSPEEnKF_YesSfcanl_v14_0dz0dp_41M_C96_201801_cntlBkg_AERONET_SOLAR_AOD15_2018060100_2018063018.out
AeroReanl_EP4_AeroDA_YesSPEEnKF_YesSfcanl_v14_0dz0dp_41M_C96_201801_cntlAnl_AERONET_SOLAR_AOD15_2018060100_2018063018.out
8998==8998==8998
201906
AeroReanl_EP4_FreeRun_NoSPE_YesSfcanl_v14_0dz0dp_1M_C96_201801_cntlBkg_AERONET_SOLAR_AOD15_2019060100_2019063018.out
AeroReanl_EP4_AeroDA_YesSPEEnKF_YesSfcanl_v14_0dz0dp_41M_C96_201801_cntlBkg_AERONET_SOLAR_AOD15_2019060100_2019063018.out
AeroReanl_EP4_AeroDA_YesSPEEnKF_YesSfcanl_v14_0dz0dp_41M_C96_201801_cntlAnl_AERONET_SOLAR_AOD15_2019060100_2019063018.out
19462==19462==19462
202006
AeroReanl_EP4_FreeRun_NoSPE_YesSfcanl_v14_0dz0dp_1M_C96_201801_cntlBkg_AERONET_SOLAR_AOD15_2020060100_2020063018.out
AeroReanl_EP4_AeroDA_YesSPEEnKF_YesSfcanl_v14_0dz0dp_41M_C96_201801_cntlBkg_AERONET_SOLAR_AOD15_2020060100_2020063018.out
AeroReanl_EP4_AeroDA_YesSPEEnKF_YesSfcanl_v14_0dz0dp_41M_C96_201801_cntlAnl_AERONET_SOLAR_AOD15_2020060100_2020063018.out
28708==28708==28708
202106
AeroReanl_EP4_FreeRun_NoSPE_YesSfcanl_v15_0dz0dp_1M_C96_202007_cntlBkg_AERONET_SOLAR_AOD15_2021060100_2021063018.out
AeroReanl_EP4_AeroDA_YesSPEEnKF_YesSfcanl_v15_0dz0dp_41M_C96_202007_cntlBkg_AERONET_SOLAR_AOD15_2021060100_2021063018.out
AeroReanl_EP4_AeroDA_YesSPEEnKF_YesSfcanl_v15_0dz0dp_41M_C96_202007_cntlAnl_AERONET_SOLAR_AOD15_2021060100_2021063018.out
39702==39702==39702
202206
AeroReanl_EP4_FreeRun_NoSPE_YesSfcanl_v15_0dz0dp_1M_C96_202007_cntlBkg_AERONET_SOLAR_AOD15_2022060100_2022063018.out
AeroReanl_EP4_AeroDA_YesSPEEnKF_YesSfcanl_v15_0dz0dp_41M_C96_202007_cntlBkg_AERONET_SOLAR_AOD15_2022060100_2022063018.out
AeroReanl_EP4_AeroDA_YesSPEEnKF_YesSfcanl_v15_0dz0dp_41M_C96_202007_cntlAnl_AERONET_SOLAR_AOD15_2022060100_2022063018.out
50891==50891==50891
01 03 05 07 08 10 12
201807
AeroReanl_EP4_FreeRun_NoSPE_YesSfcanl_v14_0dz0dp_1M_C96_201801_cntlBkg_AERONET_SOLAR_AOD15_2018070100_2018073118.out
AeroReanl_EP4_AeroDA_YesSPEEnKF_YesSfcanl_v14_0dz0dp_41M_C96_201801_cntlBkg_AERONET_SOLAR_AOD15_2018070100_2018073118.out
AeroReanl_EP4_AeroDA_YesSPEEnKF_YesSfcanl_v14_0dz0dp_41M_C96_201801_cntlAnl_AERONET_SOLAR_AOD15_2018070100_2018073118.out
61788==61788==61788
201907
AeroReanl_EP4_FreeRun_NoSPE_YesSfcanl_v14_0dz0dp_1M_C96_201801_cntlBkg_AERONET_SOLAR_AOD15_2019070100_2019073118.out
AeroReanl_EP4_AeroDA_YesSPEEnKF_YesSfcanl_v14_0dz0dp_41M_C96_201801_cntlBkg_AERONET_SOLAR_AOD15_2019070100_2019073118.out
AeroReanl_EP4_AeroDA_YesSPEEnKF_YesSfcanl_v14_0dz0dp_41M_C96_201801_cntlAnl_AERONET_SOLAR_AOD15_2019070100_2019073118.out
73568==73568==73568
202007
AeroReanl_EP4_FreeRun_NoSPE_YesSfcanl_v15_0dz0dp_1M_C96_202007_cntlBkg_AERONET_SOLAR_AOD15_2020070100_2020073118.out
AeroReanl_EP4_AeroDA_YesSPEEnKF_YesSfcanl_v15_0dz0dp_41M_C96_202007_cntlBkg_AERONET_SOLAR_AOD15_2020070100_2020073118.out
AeroReanl_EP4_AeroDA_YesSPEEnKF_YesSfcanl_v15_0dz0dp_41M_C96_202007_cntlAnl_AERONET_SOLAR_AOD15_2020070100_2020073118.out
84374==84374==84374
202107
AeroReanl_EP4_FreeRun_NoSPE_YesSfcanl_v15_0dz0dp_1M_C96_202007_cntlBkg_AERONET_SOLAR_AOD15_2021070100_2021073118.out
AeroReanl_EP4_AeroDA_YesSPEEnKF_YesSfcanl_v15_0dz0dp_41M_C96_202007_cntlBkg_AERONET_SOLAR_AOD15_2021070100_2021073118.out
AeroReanl_EP4_AeroDA_YesSPEEnKF_YesSfcanl_v15_0dz0dp_41M_C96_202007_cntlAnl_AERONET_SOLAR_AOD15_2021070100_2021073118.out
96898==96898==96898
202207
AeroReanl_EP4_FreeRun_NoSPE_YesSfcanl_v15_0dz0dp_1M_C96_202007_cntlBkg_AERONET_SOLAR_AOD15_2022070100_2022073118.out
AeroReanl_EP4_AeroDA_YesSPEEnKF_YesSfcanl_v15_0dz0dp_41M_C96_202007_cntlBkg_AERONET_SOLAR_AOD15_2022070100_2022073118.out
AeroReanl_EP4_AeroDA_YesSPEEnKF_YesSfcanl_v15_0dz0dp_41M_C96_202007_cntlAnl_AERONET_SOLAR_AOD15_2022070100_2022073118.out
109835==109835==109835
01 03 05 07 08 10 12
201808
AeroReanl_EP4_FreeRun_NoSPE_YesSfcanl_v14_0dz0dp_1M_C96_201801_cntlBkg_AERONET_SOLAR_AOD15_2018080100_2018083118.out
AeroReanl_EP4_AeroDA_YesSPEEnKF_YesSfcanl_v14_0dz0dp_41M_C96_201801_cntlBkg_AERONET_SOLAR_AOD15_2018080100_2018083118.out
AeroReanl_EP4_AeroDA_YesSPEEnKF_YesSfcanl_v14_0dz0dp_41M_C96_201801_cntlAnl_AERONET_SOLAR_AOD15_2018080100_2018083118.out
119877==119877==119877
201908
AeroReanl_EP4_FreeRun_NoSPE_YesSfcanl_v14_0dz0dp_1M_C96_201801_cntlBkg_AERONET_SOLAR_AOD15_2019080100_2019083118.out
AeroReanl_EP4_AeroDA_YesSPEEnKF_YesSfcanl_v14_0dz0dp_41M_C96_201801_cntlBkg_AERONET_SOLAR_AOD15_2019080100_2019083118.out
AeroReanl_EP4_AeroDA_YesSPEEnKF_YesSfcanl_v14_0dz0dp_41M_C96_201801_cntlAnl_AERONET_SOLAR_AOD15_2019080100_2019083118.out
131301==131301==131301
202008
AeroReanl_EP4_FreeRun_NoSPE_YesSfcanl_v15_0dz0dp_1M_C96_202007_cntlBkg_AERONET_SOLAR_AOD15_2020080100_2020083118.out
AeroReanl_EP4_AeroDA_YesSPEEnKF_YesSfcanl_v15_0dz0dp_41M_C96_202007_cntlBkg_AERONET_SOLAR_AOD15_2020080100_2020083118.out
AeroReanl_EP4_AeroDA_YesSPEEnKF_YesSfcanl_v15_0dz0dp_41M_C96_202007_cntlAnl_AERONET_SOLAR_AOD15_2020080100_2020083118.out
141637==141637==141637
202108
AeroReanl_EP4_FreeRun_NoSPE_YesSfcanl_v15_0dz0dp_1M_C96_202007_cntlBkg_AERONET_SOLAR_AOD15_2021080100_2021083118.out
AeroReanl_EP4_AeroDA_YesSPEEnKF_YesSfcanl_v15_0dz0dp_41M_C96_202007_cntlBkg_AERONET_SOLAR_AOD15_2021080100_2021083118.out
AeroReanl_EP4_AeroDA_YesSPEEnKF_YesSfcanl_v15_0dz0dp_41M_C96_202007_cntlAnl_AERONET_SOLAR_AOD15_2021080100_2021083118.out
153378==153378==153378
202208
AeroReanl_EP4_FreeRun_NoSPE_YesSfcanl_v15_0dz0dp_1M_C96_202007_cntlBkg_AERONET_SOLAR_AOD15_2022080100_2022083118.out
AeroReanl_EP4_AeroDA_YesSPEEnKF_YesSfcanl_v15_0dz0dp_41M_C96_202007_cntlBkg_AERONET_SOLAR_AOD15_2022080100_2022083118.out
AeroReanl_EP4_AeroDA_YesSPEEnKF_YesSfcanl_v15_0dz0dp_41M_C96_202007_cntlAnl_AERONET_SOLAR_AOD15_2022080100_2022083118.out
164811==164811==164811
JJA succeed!
##################JJA collection ends now.
##################SON collection starts now.
04 06 09 11
201809
AeroReanl_EP4_FreeRun_NoSPE_YesSfcanl_v14_0dz0dp_1M_C96_201801_cntlBkg_AERONET_SOLAR_AOD15_2018090100_2018093018.out
AeroReanl_EP4_AeroDA_YesSPEEnKF_YesSfcanl_v14_0dz0dp_41M_C96_201801_cntlBkg_AERONET_SOLAR_AOD15_2018090100_2018093018.out
AeroReanl_EP4_AeroDA_YesSPEEnKF_YesSfcanl_v14_0dz0dp_41M_C96_201801_cntlAnl_AERONET_SOLAR_AOD15_2018090100_2018093018.out
8608==8608==8608
201909
AeroReanl_EP4_FreeRun_NoSPE_YesSfcanl_v14_0dz0dp_1M_C96_201801_cntlBkg_AERONET_SOLAR_AOD15_2019090100_2019093018.out
AeroReanl_EP4_AeroDA_YesSPEEnKF_YesSfcanl_v14_0dz0dp_41M_C96_201801_cntlBkg_AERONET_SOLAR_AOD15_2019090100_2019093018.out
AeroReanl_EP4_AeroDA_YesSPEEnKF_YesSfcanl_v14_0dz0dp_41M_C96_201801_cntlAnl_AERONET_SOLAR_AOD15_2019090100_2019093018.out
17461==17461==17461
202009
AeroReanl_EP4_FreeRun_NoSPE_YesSfcanl_v15_0dz0dp_1M_C96_202007_cntlBkg_AERONET_SOLAR_AOD15_2020090100_2020093018.out
AeroReanl_EP4_AeroDA_YesSPEEnKF_YesSfcanl_v15_0dz0dp_41M_C96_202007_cntlBkg_AERONET_SOLAR_AOD15_2020090100_2020093018.out
AeroReanl_EP4_AeroDA_YesSPEEnKF_YesSfcanl_v15_0dz0dp_41M_C96_202007_cntlAnl_AERONET_SOLAR_AOD15_2020090100_2020093018.out
26472==26472==26472
202109
AeroReanl_EP4_FreeRun_NoSPE_YesSfcanl_v15_0dz0dp_1M_C96_202007_cntlBkg_AERONET_SOLAR_AOD15_2021090100_2021093018.out
AeroReanl_EP4_AeroDA_YesSPEEnKF_YesSfcanl_v15_0dz0dp_41M_C96_202007_cntlBkg_AERONET_SOLAR_AOD15_2021090100_2021093018.out
AeroReanl_EP4_AeroDA_YesSPEEnKF_YesSfcanl_v15_0dz0dp_41M_C96_202007_cntlAnl_AERONET_SOLAR_AOD15_2021090100_2021093018.out
36724==36724==36724
202209
AeroReanl_EP4_FreeRun_NoSPE_YesSfcanl_v15_0dz0dp_1M_C96_202007_cntlBkg_AERONET_SOLAR_AOD15_2022090100_2022093018.out
AeroReanl_EP4_AeroDA_YesSPEEnKF_YesSfcanl_v15_0dz0dp_41M_C96_202007_cntlBkg_AERONET_SOLAR_AOD15_2022090100_2022093018.out
AeroReanl_EP4_AeroDA_YesSPEEnKF_YesSfcanl_v15_0dz0dp_41M_C96_202007_cntlAnl_AERONET_SOLAR_AOD15_2022090100_2022093018.out
45766==45766==45766
01 03 05 07 08 10 12
201810
AeroReanl_EP4_FreeRun_NoSPE_YesSfcanl_v14_0dz0dp_1M_C96_201801_cntlBkg_AERONET_SOLAR_AOD15_2018100100_2018103118.out
AeroReanl_EP4_AeroDA_YesSPEEnKF_YesSfcanl_v14_0dz0dp_41M_C96_201801_cntlBkg_AERONET_SOLAR_AOD15_2018100100_2018103118.out
AeroReanl_EP4_AeroDA_YesSPEEnKF_YesSfcanl_v14_0dz0dp_41M_C96_201801_cntlAnl_AERONET_SOLAR_AOD15_2018100100_2018103118.out
53088==53088==53088
201910
AeroReanl_EP4_FreeRun_NoSPE_YesSfcanl_v14_0dz0dp_1M_C96_201801_cntlBkg_AERONET_SOLAR_AOD15_2019100100_2019103118.out
AeroReanl_EP4_AeroDA_YesSPEEnKF_YesSfcanl_v14_0dz0dp_41M_C96_201801_cntlBkg_AERONET_SOLAR_AOD15_2019100100_2019103118.out
AeroReanl_EP4_AeroDA_YesSPEEnKF_YesSfcanl_v14_0dz0dp_41M_C96_201801_cntlAnl_AERONET_SOLAR_AOD15_2019100100_2019103118.out
60296==60296==60296
202010
AeroReanl_EP4_FreeRun_NoSPE_YesSfcanl_v15_0dz0dp_1M_C96_202007_cntlBkg_AERONET_SOLAR_AOD15_2020100100_2020103118.out
AeroReanl_EP4_AeroDA_YesSPEEnKF_YesSfcanl_v15_0dz0dp_41M_C96_202007_cntlBkg_AERONET_SOLAR_AOD15_2020100100_2020103118.out
AeroReanl_EP4_AeroDA_YesSPEEnKF_YesSfcanl_v15_0dz0dp_41M_C96_202007_cntlAnl_AERONET_SOLAR_AOD15_2020100100_2020103118.out
67576==67576==67576
202110
AeroReanl_EP4_FreeRun_NoSPE_YesSfcanl_v15_0dz0dp_1M_C96_202007_cntlBkg_AERONET_SOLAR_AOD15_2021100100_2021103118.out
AeroReanl_EP4_AeroDA_YesSPEEnKF_YesSfcanl_v15_0dz0dp_41M_C96_202007_cntlBkg_AERONET_SOLAR_AOD15_2021100100_2021103118.out
AeroReanl_EP4_AeroDA_YesSPEEnKF_YesSfcanl_v15_0dz0dp_41M_C96_202007_cntlAnl_AERONET_SOLAR_AOD15_2021100100_2021103118.out
76110==76110==76110
202210
AeroReanl_EP4_FreeRun_NoSPE_YesSfcanl_v15_0dz0dp_1M_C96_202007_cntlBkg_AERONET_SOLAR_AOD15_2022100100_2022103118.out
AeroReanl_EP4_AeroDA_YesSPEEnKF_YesSfcanl_v15_0dz0dp_41M_C96_202007_cntlBkg_AERONET_SOLAR_AOD15_2022100100_2022103118.out
AeroReanl_EP4_AeroDA_YesSPEEnKF_YesSfcanl_v15_0dz0dp_41M_C96_202007_cntlAnl_AERONET_SOLAR_AOD15_2022100100_2022103118.out
84072==84072==84072
04 06 09 11
201811
AeroReanl_EP4_FreeRun_NoSPE_YesSfcanl_v14_0dz0dp_1M_C96_201801_cntlBkg_AERONET_SOLAR_AOD15_2018110100_2018113018.out
AeroReanl_EP4_AeroDA_YesSPEEnKF_YesSfcanl_v14_0dz0dp_41M_C96_201801_cntlBkg_AERONET_SOLAR_AOD15_2018110100_2018113018.out
AeroReanl_EP4_AeroDA_YesSPEEnKF_YesSfcanl_v14_0dz0dp_41M_C96_201801_cntlAnl_AERONET_SOLAR_AOD15_2018110100_2018113018.out
89213==89213==89213
201911
AeroReanl_EP4_FreeRun_NoSPE_YesSfcanl_v14_0dz0dp_1M_C96_201801_cntlBkg_AERONET_SOLAR_AOD15_2019110100_2019113018.out
AeroReanl_EP4_AeroDA_YesSPEEnKF_YesSfcanl_v14_0dz0dp_41M_C96_201801_cntlBkg_AERONET_SOLAR_AOD15_2019110100_2019113018.out
AeroReanl_EP4_AeroDA_YesSPEEnKF_YesSfcanl_v14_0dz0dp_41M_C96_201801_cntlAnl_AERONET_SOLAR_AOD15_2019110100_2019113018.out
94475==94475==94475
202011
AeroReanl_EP4_FreeRun_NoSPE_YesSfcanl_v15_0dz0dp_1M_C96_202007_cntlBkg_AERONET_SOLAR_AOD15_2020110100_2020113018.out
AeroReanl_EP4_AeroDA_YesSPEEnKF_YesSfcanl_v15_0dz0dp_41M_C96_202007_cntlBkg_AERONET_SOLAR_AOD15_2020110100_2020113018.out
AeroReanl_EP4_AeroDA_YesSPEEnKF_YesSfcanl_v15_0dz0dp_41M_C96_202007_cntlAnl_AERONET_SOLAR_AOD15_2020110100_2020113018.out
100667==100667==100667
202111
AeroReanl_EP4_FreeRun_NoSPE_YesSfcanl_v15_0dz0dp_1M_C96_202007_cntlBkg_AERONET_SOLAR_AOD15_2021110100_2021113018.out
AeroReanl_EP4_AeroDA_YesSPEEnKF_YesSfcanl_v15_0dz0dp_41M_C96_202007_cntlBkg_AERONET_SOLAR_AOD15_2021110100_2021113018.out
AeroReanl_EP4_AeroDA_YesSPEEnKF_YesSfcanl_v15_0dz0dp_41M_C96_202007_cntlAnl_AERONET_SOLAR_AOD15_2021110100_2021113018.out
107317==107317==107317
202211
AeroReanl_EP4_FreeRun_NoSPE_YesSfcanl_v15_0dz0dp_1M_C96_202007_cntlBkg_AERONET_SOLAR_AOD15_2022110100_2022113018.out
AeroReanl_EP4_AeroDA_YesSPEEnKF_YesSfcanl_v15_0dz0dp_41M_C96_202007_cntlBkg_AERONET_SOLAR_AOD15_2022110100_2022113018.out
AeroReanl_EP4_AeroDA_YesSPEEnKF_YesSfcanl_v15_0dz0dp_41M_C96_202007_cntlAnl_AERONET_SOLAR_AOD15_2022110100_2022113018.out
113566==113566==113566
SON succeed!
##################SON collection ends now.
