01/2018	0.5044	0.6589	0.7026
02/2018	0.4990	0.6036	0.6565
03/2018	0.4856	0.6866	0.7297
04/2018	0.3569	0.5103	0.5472
05/2018 0.0642	0.4689	0.4936
06/2018	0.4135	0.5506	0.5842
07/2018	0.3337	0.5019	0.5326
08/2018 0.3916	0.5287	0.5881
09/2018	0.5827	0.6388	0.6752
10/2018 0.5009	0.5841	0.6288
11/2018 0.3449  0.4667  0.5896
12/2018 0.5741  0.6990  0.7324
01/2019 0.5140  0.6655  0.7226
02/2019 0.5855  0.7037  0.7512
03/2019 0.5522  0.6724  0.7460
04/2019 0.4974  0.6003  0.6636 
05/2019 0.4812  0.5412  0.5828
06/2019 0.3694  0.5412  0.5729
07/2019 0.4246  0.5274  0.5848
08/2019 0.4482  0.4923  0.5282
09/2019 0.4413  0.5476  0.6146
10/2019 0.4090  0.4745  0.5321
11/2019 0.4266  0.4850  0.5568
12/2019 0.4353  0.5271  0.5766
01/2020 0.4117  0.4710  0.5854
02/2020 0.4888  0.6373  0.6855
03/2020 0.5397  0.6585  0.6992
04/2020 0.4630  0.6280  0.6980
05/2020 0.4377  0.5631  0.5771
06/2020 0.3124  0.5968  0.6202  
