01/2018	-0.0895	-0.0471	-0.0424
02/2018	-0.1042	-0.0532	-0.0471
03/2018	-0.1238	-0.0798	-0.0741
04/2018	-0.1030	-0.0614	-0.0640
05/2018 -0.0092	-0.0398	-0.0429
06/2018	-0.0633	-0.0369	-0.0351
07/2018	-0.0961	-0.0452	-0.0419
08/2018	-0.1007	-0.0531	-0.0504
09/2018	-0.0634	-0.0402	-0.0408
10/2018	-0.0645	-0.0495	-0.0484
11/2018 -0.0659 -0.0487 -0.0479
12/2018 -0.0622 -0.0468 -0.0449
01/2019 -0.0733 -0.0507 -0.0476
02/2019 -0.0898 -0.0625 -0.0581
03/2019 -0.0812 -0.0583 -0.0579
04/2019 -0.0786 -0.0622 -0.0621
05/2019 -0.0729 -0.0462 -0.0452
06/2019 -0.0676 -0.0385 -0.0374
07/2019 -0.0322 -0.0333 -0.0306
08/2019 -0.0590 -0.0295 -0.0269
09/2019 -0.0802 -0.0561 -0.0535
10/2019 -0.0596 -0.0481 -0.0500
11/2019 -0.0653 -0.0507 -0.0515
12/2019 -0.0517 -0.0430 -0.0426
01/2020 -0.0740 -0.0563 -0.0554
02/2020 -0.0840 -0.0569 -0.0525
03/2020 -0.0664 -0.0489 -0.0492
04/2020 -0.0644 -0.0398 -0.0410
05/2020 -0.0413 -0.0239 -0.0254
06/2020 -0.0447 -0.0215 -0.0208
