07/2020	-0.0521	-0.0243	-0.0219
08/2020 -0.0585	-0.0407	-0.0403
09/2020 -0.0807	-0.0713	-0.0782
10/2020	-0.0504	-0.0472	-0.0514
11/2020 -0.0510 -0.0412 -0.0423
12/2020	-0.0461	-0.0359	-0.0361
01/2021 -0.0699	-0.0486	-0.0468
02/2021	-0.0836	-0.0578	-0.0573
03/2021 -0.0915	-0.0580	-0.0587
04/2021 -0.0618 -0.0377 -0.0414
05/2021 -0.0461 -0.0195 -0.0207
06/2021 -0.0513 -0.0226 -0.0221
07/2021 -0.0482 -0.0303 -0.0320
08/2021 -0.0358 -0.0337 -0.0368
09/2021 -0.0278 -0.0395 -0.0450
10/2021 -0.0306 -0.0306 -0.0370
11/2021 -0.0475 -0.0390 -0.0405
12/2021 -0.0543 -0.0449 -0.0456
01/2022 -0.0572 -0.0414 -0.0414
02/2022 -0.0641 -0.0376 -0.0377
03/2022 -0.0820 -0.0450 -0.0451
04/2022 -0.0737 -0.0380 -0.0412
05/2022 -0.0504 -0.0238 -0.0280
06/2022 -0.0576 -0.0273 -0.0283
07/2022 -0.0364 -0.0193 -0.0223
08/2022 -0.0356 -0.0268 -0.0296
09/2022 -0.0485 -0.0374 -0.0399
10/2022 -0.0550 -0.0406 -0.0422
11/2022 -0.0523 -0.0404 -0.0414
12/2022 -0.0414 -0.0359 -0.0383
