07/2020	0.4581	0.5776	0.5992
08/2020	0.3532	0.4406	0.5003
09/2020 0.4124	0.4293	0.5626
10/2020 0.3240	0.4162	0.5291
11/2020 0.4282	0.5629	0.6457
12/2020 0.3969	0.5948	0.6770
01/2021 0.4853	0.6780	0.7388
02/2021 0.5249	0.6361	0.6969
03/2021 0.5023	0.6865	0.7404
04/2021 0.5161  0.6166  0.6612
05/2021 0.4718  0.5720  0.5829
06/2021 0.4924  0.5971  0.6027
07/2021 0.4530  0.5176  0.6058
08/2021 0.4872  0.5285  0.6168
09/2021 0.3422  0.4046  0.5077
10/2021 0.4105  0.4696  0.5058
11/2021 0.4150  0.5524  0.6521
12/2021 0.5198  0.6798  0.7409
01/2022 0.4657  0.5433  0.6126
02/2022 0.5465  0.6357  0.6832
03/2022 0.5315  0.6735  0.7123
04/2022 0.4665  0.6182  0.6516
05/2022 0.4657  0.5893  0.5958
06/2022 0.5204  0.6125  0.6426
07/2022 0.2279  0.3907  0.5643
08/2022 0.4815  0.5796  0.6161
09/2022 0.5000  0.5767  0.6289
10/2022 0.5206  0.6194  0.6708
11/2022 0.4709  0.5803  0.6415
12/2022 0.2204  0.3533  0.5901
