01/2018	0.5044	0.6589	0.7026
02/2018	0.4990	0.6036	0.6565
03/2018	0.4856	0.6866	0.7297
04/2018	0.3569	0.5103	0.5472
05/2018 0.0642	0.4689	0.4936
06/2018	0.4135	0.5506	0.5842
07/2018	0.3337	0.5019	0.5326
08/2018 0.3916	0.5287	0.5881
09/2018	0.5827	0.6388	0.6752
10/2018 0.5009	0.5841	0.6288
11/2018 0.3449  0.4667  0.5896
12/2018 0.5741  0.6990  0.7324
01/2019 0.5140  0.6655  0.7226
02/2019 0.5855  0.7037  0.7512
03/2019 0.5522  0.6724  0.7460
04/2019 0.4974  0.6003  0.6636 
05/2019 0.4812  0.5412  0.5828
06/2019 0.3694  0.5412  0.5729
07/2019 0.4246  0.5274  0.5848
08/2019 0.4482  0.4923  0.5282
09/2019 0.4413  0.5476  0.6146
10/2019 0.4090  0.4745  0.5321
11/2019 0.4266  0.4850  0.5568
12/2019 0.4353  0.5271  0.5766
01/2020 0.4117  0.4710  0.5854
02/2020 0.4888  0.6373  0.6855
03/2020 0.5397  0.6585  0.6992
04/2020 0.4630  0.6280  0.6980
05/2020 0.4377  0.5631  0.5771
06/2020 0.3124  0.5968  0.6202  
07/2020	0.4581	0.5776	0.5992
08/2020	0.3532	0.4406	0.5003
09/2020 0.4124	0.4293	0.5626
10/2020 0.3240	0.4162	0.5291
11/2020 0.4282	0.5629	0.6457
12/2020 0.3969	0.5948	0.6770
01/2021 0.4853	0.6780	0.7388
02/2021 0.5249	0.6361	0.6969
03/2021 0.5023	0.6865	0.7404
04/2021 0.5161  0.6166  0.6612
05/2021 0.4718  0.5720  0.5829
06/2021 0.4924  0.5971  0.6027
07/2021 0.4530  0.5176  0.6058
08/2021 0.4872  0.5285  0.6168
09/2021 0.3422  0.4046  0.5077
10/2021 0.4105  0.4696  0.5058
11/2021 0.4150  0.5524  0.6521
12/2021 0.5198  0.6798  0.7409
01/2022 0.4657  0.5433  0.6126
02/2022 0.5465  0.6357  0.6832
03/2022 0.5315  0.6735  0.7123
04/2022 0.4665  0.6182  0.6516
05/2022 0.4657  0.5893  0.5958
06/2022 0.5204  0.6125  0.6426
07/2022 0.2279  0.3907  0.5643
08/2022 0.4815  0.5796  0.6161
09/2022 0.5000  0.5767  0.6289
10/2022 0.5206  0.6194  0.6708
11/2022 0.4709  0.5803  0.6415
12/2022 0.2204  0.3533  0.5901
