01/2018	-0.0895	-0.0471	-0.0424
02/2018	-0.1042	-0.0532	-0.0471
03/2018	-0.1238	-0.0798	-0.0741
04/2018	-0.1030	-0.0614	-0.0640
05/2018 -0.0092	-0.0398	-0.0429
06/2018	-0.0633	-0.0369	-0.0351
07/2018	-0.0961	-0.0452	-0.0419
08/2018	-0.1007	-0.0531	-0.0504
09/2018	-0.0634	-0.0402	-0.0408
10/2018	-0.0645	-0.0495	-0.0484
11/2018 -0.0659 -0.0487 -0.0479
12/2018 -0.0622 -0.0468 -0.0449
01/2019 -0.0733 -0.0507 -0.0476
02/2019 -0.0898 -0.0625 -0.0581
03/2019 -0.0812 -0.0583 -0.0579
04/2019 -0.0786 -0.0622 -0.0621
05/2019 -0.0729 -0.0462 -0.0452
06/2019 -0.0676 -0.0385 -0.0374
07/2019 -0.0322 -0.0333 -0.0306
08/2019 -0.0590 -0.0295 -0.0269
09/2019 -0.0802 -0.0561 -0.0535
10/2019 -0.0596 -0.0481 -0.0500
11/2019 -0.0653 -0.0507 -0.0515
12/2019 -0.0517 -0.0430 -0.0426
01/2020 -0.0740 -0.0563 -0.0554
02/2020 -0.0840 -0.0569 -0.0525
03/2020 -0.0664 -0.0489 -0.0492
04/2020 -0.0644 -0.0398 -0.0410
05/2020 -0.0413 -0.0239 -0.0254
06/2020 -0.0447 -0.0215 -0.0208
07/2020	-0.0521	-0.0243	-0.0219
08/2020 -0.0585	-0.0407	-0.0403
09/2020 -0.0807	-0.0713	-0.0782
10/2020	-0.0504	-0.0472	-0.0514
11/2020 -0.0510 -0.0412 -0.0423
12/2020	-0.0461	-0.0359	-0.0361
01/2021 -0.0699	-0.0486	-0.0468
02/2021	-0.0836	-0.0578	-0.0573
03/2021 -0.0915	-0.0580	-0.0587
04/2021 -0.0618 -0.0377 -0.0414
05/2021 -0.0461 -0.0195 -0.0207
06/2021 -0.0513 -0.0226 -0.0221
07/2021 -0.0482 -0.0303 -0.0320
08/2021 -0.0358 -0.0337 -0.0368
09/2021 -0.0278 -0.0395 -0.0450
10/2021 -0.0306 -0.0306 -0.0370
11/2021 -0.0475 -0.0390 -0.0405
12/2021 -0.0543 -0.0449 -0.0456
01/2022 -0.0572 -0.0414 -0.0414
02/2022 -0.0641 -0.0376 -0.0377
03/2022 -0.0820 -0.0450 -0.0451
04/2022 -0.0737 -0.0380 -0.0412
05/2022 -0.0504 -0.0238 -0.0280
06/2022 -0.0576 -0.0273 -0.0283
07/2022 -0.0364 -0.0193 -0.0223
08/2022 -0.0356 -0.0268 -0.0296
09/2022 -0.0485 -0.0374 -0.0399
10/2022 -0.0550 -0.0406 -0.0422
11/2022 -0.0523 -0.0404 -0.0414
12/2022 -0.0414 -0.0359 -0.0383
